  正在确定要还原的项目…
  所有项目均是最新的，无法还原。
C:\Users\xiaojian\.nuget\packages\system.text.encodings.web\9.0.5\buildTransitive\netcoreapp2.0\System.Text.Encodings.Web.targets(4,5): warning : System.Text.Encodings.Web 9.0.5 doesn't support net6.0-windows and has not been tested with it. Consider upgrading your TargetFramework to net8.0 or later. You may also set <SuppressTfmSupportBuildWarnings>true</SuppressTfmSupportBuildWarnings> in the project file to ignore this warning and attempt to run in this unsupported configuration at your own risk. [D:\CSharpProjects\TCWin\BinanceFuturesTrader.csproj]
C:\Users\xiaojian\.nuget\packages\system.io.pipelines\9.0.5\buildTransitive\netcoreapp2.0\System.IO.Pipelines.targets(4,5): warning : System.IO.Pipelines 9.0.5 doesn't support net6.0-windows and has not been tested with it. Consider upgrading your TargetFramework to net8.0 or later. You may also set <SuppressTfmSupportBuildWarnings>true</SuppressTfmSupportBuildWarnings> in the project file to ignore this warning and attempt to run in this unsupported configuration at your own risk. [D:\CSharpProjects\TCWin\BinanceFuturesTrader.csproj]
C:\Users\xiaojian\.nuget\packages\microsoft.bcl.asyncinterfaces\9.0.5\buildTransitive\netcoreapp2.0\Microsoft.Bcl.AsyncInterfaces.targets(4,5): warning : Microsoft.Bcl.AsyncInterfaces 9.0.5 doesn't support net6.0-windows and has not been tested with it. Consider upgrading your TargetFramework to net8.0 or later. You may also set <SuppressTfmSupportBuildWarnings>true</SuppressTfmSupportBuildWarnings> in the project file to ignore this warning and attempt to run in this unsupported configuration at your own risk. [D:\CSharpProjects\TCWin\BinanceFuturesTrader.csproj]
C:\Users\xiaojian\.nuget\packages\system.text.json\9.0.5\buildTransitive\netcoreapp2.0\System.Text.Json.targets(4,5): warning : System.Text.Json 9.0.5 doesn't support net6.0-windows and has not been tested with it. Consider upgrading your TargetFramework to net8.0 or later. You may also set <SuppressTfmSupportBuildWarnings>true</SuppressTfmSupportBuildWarnings> in the project file to ignore this warning and attempt to run in this unsupported configuration at your own risk. [D:\CSharpProjects\TCWin\BinanceFuturesTrader.csproj]
C:\Users\xiaojian\.nuget\packages\system.text.encodings.web\9.0.5\buildTransitive\netcoreapp2.0\System.Text.Encodings.Web.targets(4,5): warning : System.Text.Encodings.Web 9.0.5 doesn't support net6.0-windows and has not been tested with it. Consider upgrading your TargetFramework to net8.0 or later. You may also set <SuppressTfmSupportBuildWarnings>true</SuppressTfmSupportBuildWarnings> in the project file to ignore this warning and attempt to run in this unsupported configuration at your own risk. [D:\CSharpProjects\TCWin\BinanceFuturesTrader_3yliqrhy_wpftmp.csproj]
C:\Users\xiaojian\.nuget\packages\system.io.pipelines\9.0.5\buildTransitive\netcoreapp2.0\System.IO.Pipelines.targets(4,5): warning : System.IO.Pipelines 9.0.5 doesn't support net6.0-windows and has not been tested with it. Consider upgrading your TargetFramework to net8.0 or later. You may also set <SuppressTfmSupportBuildWarnings>true</SuppressTfmSupportBuildWarnings> in the project file to ignore this warning and attempt to run in this unsupported configuration at your own risk. [D:\CSharpProjects\TCWin\BinanceFuturesTrader_3yliqrhy_wpftmp.csproj]
C:\Users\xiaojian\.nuget\packages\microsoft.bcl.asyncinterfaces\9.0.5\buildTransitive\netcoreapp2.0\Microsoft.Bcl.AsyncInterfaces.targets(4,5): warning : Microsoft.Bcl.AsyncInterfaces 9.0.5 doesn't support net6.0-windows and has not been tested with it. Consider upgrading your TargetFramework to net8.0 or later. You may also set <SuppressTfmSupportBuildWarnings>true</SuppressTfmSupportBuildWarnings> in the project file to ignore this warning and attempt to run in this unsupported configuration at your own risk. [D:\CSharpProjects\TCWin\BinanceFuturesTrader_3yliqrhy_wpftmp.csproj]
C:\Users\xiaojian\.nuget\packages\system.text.json\9.0.5\buildTransitive\netcoreapp2.0\System.Text.Json.targets(4,5): warning : System.Text.Json 9.0.5 doesn't support net6.0-windows and has not been tested with it. Consider upgrading your TargetFramework to net8.0 or later. You may also set <SuppressTfmSupportBuildWarnings>true</SuppressTfmSupportBuildWarnings> in the project file to ignore this warning and attempt to run in this unsupported configuration at your own risk. [D:\CSharpProjects\TCWin\BinanceFuturesTrader_3yliqrhy_wpftmp.csproj]
D:\CSharpProjects\TCWin\App.xaml.cs(62,54): warning CS8622: “void App.TaskScheduler_UnobservedTaskException(object sender, UnobservedTaskExceptionEventArgs e)”的参数“sender”类型中引用类型的为 Null 性与目标委托“EventHandler<UnobservedTaskExceptionEventArgs>”不匹配(可能是由于为 Null 性特性)。 [D:\CSharpProjects\TCWin\BinanceFuturesTrader_3yliqrhy_wpftmp.csproj]
D:\CSharpProjects\TCWin\ViewModels\MainViewModel.ConditionalOrders.cs(154,34): warning CS1998: 此异步方法缺少 "await" 运算符，将以同步方式运行。请考虑使用 "await" 运算符等待非阻止的 API 调用，或者使用 "await Task.Run(...)" 在后台线程上执行占用大量 CPU 的工作。 [D:\CSharpProjects\TCWin\BinanceFuturesTrader_3yliqrhy_wpftmp.csproj]
D:\CSharpProjects\TCWin\ViewModels\MainViewModel.ConditionalOrders.cs(223,28): warning CS1998: 此异步方法缺少 "await" 运算符，将以同步方式运行。请考虑使用 "await" 运算符等待非阻止的 API 调用，或者使用 "await Task.Run(...)" 在后台线程上执行占用大量 CPU 的工作。 [D:\CSharpProjects\TCWin\BinanceFuturesTrader_3yliqrhy_wpftmp.csproj]
D:\CSharpProjects\TCWin\ViewModels\MainViewModel.ConditionalOrders.cs(311,28): warning CS1998: 此异步方法缺少 "await" 运算符，将以同步方式运行。请考虑使用 "await" 运算符等待非阻止的 API 调用，或者使用 "await Task.Run(...)" 在后台线程上执行占用大量 CPU 的工作。 [D:\CSharpProjects\TCWin\BinanceFuturesTrader_3yliqrhy_wpftmp.csproj]
D:\CSharpProjects\TCWin\ViewModels\MainViewModel.ConditionalOrders.cs(331,28): warning CS1998: 此异步方法缺少 "await" 运算符，将以同步方式运行。请考虑使用 "await" 运算符等待非阻止的 API 调用，或者使用 "await Task.Run(...)" 在后台线程上执行占用大量 CPU 的工作。 [D:\CSharpProjects\TCWin\BinanceFuturesTrader_3yliqrhy_wpftmp.csproj]
D:\CSharpProjects\TCWin\ViewModels\MainViewModel.Core.cs(106,13): warning CS4014: 由于此调用不会等待，因此在此调用完成之前将会继续执行当前方法。请考虑将 "await" 运算符应用于调用结果。 [D:\CSharpProjects\TCWin\BinanceFuturesTrader_3yliqrhy_wpftmp.csproj]
D:\CSharpProjects\TCWin\ViewModels\MainViewModel.Core.cs(112,28): warning CS1998: 此异步方法缺少 "await" 运算符，将以同步方式运行。请考虑使用 "await" 运算符等待非阻止的 API 调用，或者使用 "await Task.Run(...)" 在后台线程上执行占用大量 CPU 的工作。 [D:\CSharpProjects\TCWin\BinanceFuturesTrader_3yliqrhy_wpftmp.csproj]
D:\CSharpProjects\TCWin\ViewModels\MainViewModel.Core.cs(188,48): error CS1061: “AccountConfigService”未包含“GetAccounts”的定义，并且找不到可接受第一个“AccountConfigService”类型参数的可访问扩展方法“GetAccounts”(是否缺少 using 指令或程序集引用?) [D:\CSharpProjects\TCWin\BinanceFuturesTrader_3yliqrhy_wpftmp.csproj]
D:\CSharpProjects\TCWin\Services\BinanceService.cs(789,64): warning CS1998: 此异步方法缺少 "await" 运算符，将以同步方式运行。请考虑使用 "await" 运算符等待非阻止的 API 调用，或者使用 "await Task.Run(...)" 在后台线程上执行占用大量 CPU 的工作。 [D:\CSharpProjects\TCWin\BinanceFuturesTrader_3yliqrhy_wpftmp.csproj]
D:\CSharpProjects\TCWin\ViewModels\MainViewModel.Trading.cs(194,35): warning CS8601: 可能的 null 引用赋值。 [D:\CSharpProjects\TCWin\BinanceFuturesTrader_3yliqrhy_wpftmp.csproj]

生成失败。

C:\Users\xiaojian\.nuget\packages\system.text.encodings.web\9.0.5\buildTransitive\netcoreapp2.0\System.Text.Encodings.Web.targets(4,5): warning : System.Text.Encodings.Web 9.0.5 doesn't support net6.0-windows and has not been tested with it. Consider upgrading your TargetFramework to net8.0 or later. You may also set <SuppressTfmSupportBuildWarnings>true</SuppressTfmSupportBuildWarnings> in the project file to ignore this warning and attempt to run in this unsupported configuration at your own risk. [D:\CSharpProjects\TCWin\BinanceFuturesTrader.csproj]
C:\Users\xiaojian\.nuget\packages\system.io.pipelines\9.0.5\buildTransitive\netcoreapp2.0\System.IO.Pipelines.targets(4,5): warning : System.IO.Pipelines 9.0.5 doesn't support net6.0-windows and has not been tested with it. Consider upgrading your TargetFramework to net8.0 or later. You may also set <SuppressTfmSupportBuildWarnings>true</SuppressTfmSupportBuildWarnings> in the project file to ignore this warning and attempt to run in this unsupported configuration at your own risk. [D:\CSharpProjects\TCWin\BinanceFuturesTrader.csproj]
C:\Users\xiaojian\.nuget\packages\microsoft.bcl.asyncinterfaces\9.0.5\buildTransitive\netcoreapp2.0\Microsoft.Bcl.AsyncInterfaces.targets(4,5): warning : Microsoft.Bcl.AsyncInterfaces 9.0.5 doesn't support net6.0-windows and has not been tested with it. Consider upgrading your TargetFramework to net8.0 or later. You may also set <SuppressTfmSupportBuildWarnings>true</SuppressTfmSupportBuildWarnings> in the project file to ignore this warning and attempt to run in this unsupported configuration at your own risk. [D:\CSharpProjects\TCWin\BinanceFuturesTrader.csproj]
C:\Users\xiaojian\.nuget\packages\system.text.json\9.0.5\buildTransitive\netcoreapp2.0\System.Text.Json.targets(4,5): warning : System.Text.Json 9.0.5 doesn't support net6.0-windows and has not been tested with it. Consider upgrading your TargetFramework to net8.0 or later. You may also set <SuppressTfmSupportBuildWarnings>true</SuppressTfmSupportBuildWarnings> in the project file to ignore this warning and attempt to run in this unsupported configuration at your own risk. [D:\CSharpProjects\TCWin\BinanceFuturesTrader.csproj]
C:\Users\xiaojian\.nuget\packages\system.text.encodings.web\9.0.5\buildTransitive\netcoreapp2.0\System.Text.Encodings.Web.targets(4,5): warning : System.Text.Encodings.Web 9.0.5 doesn't support net6.0-windows and has not been tested with it. Consider upgrading your TargetFramework to net8.0 or later. You may also set <SuppressTfmSupportBuildWarnings>true</SuppressTfmSupportBuildWarnings> in the project file to ignore this warning and attempt to run in this unsupported configuration at your own risk. [D:\CSharpProjects\TCWin\BinanceFuturesTrader_3yliqrhy_wpftmp.csproj]
C:\Users\xiaojian\.nuget\packages\system.io.pipelines\9.0.5\buildTransitive\netcoreapp2.0\System.IO.Pipelines.targets(4,5): warning : System.IO.Pipelines 9.0.5 doesn't support net6.0-windows and has not been tested with it. Consider upgrading your TargetFramework to net8.0 or later. You may also set <SuppressTfmSupportBuildWarnings>true</SuppressTfmSupportBuildWarnings> in the project file to ignore this warning and attempt to run in this unsupported configuration at your own risk. [D:\CSharpProjects\TCWin\BinanceFuturesTrader_3yliqrhy_wpftmp.csproj]
C:\Users\xiaojian\.nuget\packages\microsoft.bcl.asyncinterfaces\9.0.5\buildTransitive\netcoreapp2.0\Microsoft.Bcl.AsyncInterfaces.targets(4,5): warning : Microsoft.Bcl.AsyncInterfaces 9.0.5 doesn't support net6.0-windows and has not been tested with it. Consider upgrading your TargetFramework to net8.0 or later. You may also set <SuppressTfmSupportBuildWarnings>true</SuppressTfmSupportBuildWarnings> in the project file to ignore this warning and attempt to run in this unsupported configuration at your own risk. [D:\CSharpProjects\TCWin\BinanceFuturesTrader_3yliqrhy_wpftmp.csproj]
C:\Users\xiaojian\.nuget\packages\system.text.json\9.0.5\buildTransitive\netcoreapp2.0\System.Text.Json.targets(4,5): warning : System.Text.Json 9.0.5 doesn't support net6.0-windows and has not been tested with it. Consider upgrading your TargetFramework to net8.0 or later. You may also set <SuppressTfmSupportBuildWarnings>true</SuppressTfmSupportBuildWarnings> in the project file to ignore this warning and attempt to run in this unsupported configuration at your own risk. [D:\CSharpProjects\TCWin\BinanceFuturesTrader_3yliqrhy_wpftmp.csproj]
D:\CSharpProjects\TCWin\App.xaml.cs(62,54): warning CS8622: “void App.TaskScheduler_UnobservedTaskException(object sender, UnobservedTaskExceptionEventArgs e)”的参数“sender”类型中引用类型的为 Null 性与目标委托“EventHandler<UnobservedTaskExceptionEventArgs>”不匹配(可能是由于为 Null 性特性)。 [D:\CSharpProjects\TCWin\BinanceFuturesTrader_3yliqrhy_wpftmp.csproj]
D:\CSharpProjects\TCWin\ViewModels\MainViewModel.ConditionalOrders.cs(154,34): warning CS1998: 此异步方法缺少 "await" 运算符，将以同步方式运行。请考虑使用 "await" 运算符等待非阻止的 API 调用，或者使用 "await Task.Run(...)" 在后台线程上执行占用大量 CPU 的工作。 [D:\CSharpProjects\TCWin\BinanceFuturesTrader_3yliqrhy_wpftmp.csproj]
D:\CSharpProjects\TCWin\ViewModels\MainViewModel.ConditionalOrders.cs(223,28): warning CS1998: 此异步方法缺少 "await" 运算符，将以同步方式运行。请考虑使用 "await" 运算符等待非阻止的 API 调用，或者使用 "await Task.Run(...)" 在后台线程上执行占用大量 CPU 的工作。 [D:\CSharpProjects\TCWin\BinanceFuturesTrader_3yliqrhy_wpftmp.csproj]
D:\CSharpProjects\TCWin\ViewModels\MainViewModel.ConditionalOrders.cs(311,28): warning CS1998: 此异步方法缺少 "await" 运算符，将以同步方式运行。请考虑使用 "await" 运算符等待非阻止的 API 调用，或者使用 "await Task.Run(...)" 在后台线程上执行占用大量 CPU 的工作。 [D:\CSharpProjects\TCWin\BinanceFuturesTrader_3yliqrhy_wpftmp.csproj]
D:\CSharpProjects\TCWin\ViewModels\MainViewModel.ConditionalOrders.cs(331,28): warning CS1998: 此异步方法缺少 "await" 运算符，将以同步方式运行。请考虑使用 "await" 运算符等待非阻止的 API 调用，或者使用 "await Task.Run(...)" 在后台线程上执行占用大量 CPU 的工作。 [D:\CSharpProjects\TCWin\BinanceFuturesTrader_3yliqrhy_wpftmp.csproj]
D:\CSharpProjects\TCWin\ViewModels\MainViewModel.Core.cs(106,13): warning CS4014: 由于此调用不会等待，因此在此调用完成之前将会继续执行当前方法。请考虑将 "await" 运算符应用于调用结果。 [D:\CSharpProjects\TCWin\BinanceFuturesTrader_3yliqrhy_wpftmp.csproj]
D:\CSharpProjects\TCWin\ViewModels\MainViewModel.Core.cs(112,28): warning CS1998: 此异步方法缺少 "await" 运算符，将以同步方式运行。请考虑使用 "await" 运算符等待非阻止的 API 调用，或者使用 "await Task.Run(...)" 在后台线程上执行占用大量 CPU 的工作。 [D:\CSharpProjects\TCWin\BinanceFuturesTrader_3yliqrhy_wpftmp.csproj]
D:\CSharpProjects\TCWin\Services\BinanceService.cs(789,64): warning CS1998: 此异步方法缺少 "await" 运算符，将以同步方式运行。请考虑使用 "await" 运算符等待非阻止的 API 调用，或者使用 "await Task.Run(...)" 在后台线程上执行占用大量 CPU 的工作。 [D:\CSharpProjects\TCWin\BinanceFuturesTrader_3yliqrhy_wpftmp.csproj]
D:\CSharpProjects\TCWin\ViewModels\MainViewModel.Trading.cs(194,35): warning CS8601: 可能的 null 引用赋值。 [D:\CSharpProjects\TCWin\BinanceFuturesTrader_3yliqrhy_wpftmp.csproj]
D:\CSharpProjects\TCWin\ViewModels\MainViewModel.Core.cs(188,48): error CS1061: “AccountConfigService”未包含“GetAccounts”的定义，并且找不到可接受第一个“AccountConfigService”类型参数的可访问扩展方法“GetAccounts”(是否缺少 using 指令或程序集引用?) [D:\CSharpProjects\TCWin\BinanceFuturesTrader_3yliqrhy_wpftmp.csproj]
    17 个警告
    1 个错误

已用时间 00:00:03.31
