C:\Users\xiaojian\.nuget\packages\system.text.encodings.web\9.0.5\buildTransitive\netcoreapp2.0\System.Text.Encodings.Web.targets(4,5): warning : System.Text.Encodings.Web 9.0.5 doesn't support net6.0-windows and has not been tested with it. Consider upgrading your TargetFramework to net8.0 or later. You may also set <SuppressTfmSupportBuildWarnings>true</SuppressTfmSupportBuildWarnings> in the project file to ignore this warning and attempt to run in this unsupported configuration at your own risk. [D:\CSharpProjects\TCWin\BinanceFuturesTrader.csproj]
C:\Users\xiaojian\.nuget\packages\system.io.pipelines\9.0.5\buildTransitive\netcoreapp2.0\System.IO.Pipelines.targets(4,5): warning : System.IO.Pipelines 9.0.5 doesn't support net6.0-windows and has not been tested with it. Consider upgrading your TargetFramework to net8.0 or later. You may also set <SuppressTfmSupportBuildWarnings>true</SuppressTfmSupportBuildWarnings> in the project file to ignore this warning and attempt to run in this unsupported configuration at your own risk. [D:\CSharpProjects\TCWin\BinanceFuturesTrader.csproj]
C:\Users\xiaojian\.nuget\packages\microsoft.bcl.asyncinterfaces\9.0.5\buildTransitive\netcoreapp2.0\Microsoft.Bcl.AsyncInterfaces.targets(4,5): warning : Microsoft.Bcl.AsyncInterfaces 9.0.5 doesn't support net6.0-windows and has not been tested with it. Consider upgrading your TargetFramework to net8.0 or later. You may also set <SuppressTfmSupportBuildWarnings>true</SuppressTfmSupportBuildWarnings> in the project file to ignore this warning and attempt to run in this unsupported configuration at your own risk. [D:\CSharpProjects\TCWin\BinanceFuturesTrader.csproj]
C:\Users\xiaojian\.nuget\packages\system.text.json\9.0.5\buildTransitive\netcoreapp2.0\System.Text.Json.targets(4,5): warning : System.Text.Json 9.0.5 doesn't support net6.0-windows and has not been tested with it. Consider upgrading your TargetFramework to net8.0 or later. You may also set <SuppressTfmSupportBuildWarnings>true</SuppressTfmSupportBuildWarnings> in the project file to ignore this warning and attempt to run in this unsupported configuration at your own risk. [D:\CSharpProjects\TCWin\BinanceFuturesTrader.csproj]
C:\Users\xiaojian\.nuget\packages\system.text.encodings.web\9.0.5\buildTransitive\netcoreapp2.0\System.Text.Encodings.Web.targets(4,5): warning : System.Text.Encodings.Web 9.0.5 doesn't support net6.0-windows and has not been tested with it. Consider upgrading your TargetFramework to net8.0 or later. You may also set <SuppressTfmSupportBuildWarnings>true</SuppressTfmSupportBuildWarnings> in the project file to ignore this warning and attempt to run in this unsupported configuration at your own risk. [D:\CSharpProjects\TCWin\BinanceFuturesTrader_kofqb2py_wpftmp.csproj]
C:\Users\xiaojian\.nuget\packages\system.io.pipelines\9.0.5\buildTransitive\netcoreapp2.0\System.IO.Pipelines.targets(4,5): warning : System.IO.Pipelines 9.0.5 doesn't support net6.0-windows and has not been tested with it. Consider upgrading your TargetFramework to net8.0 or later. You may also set <SuppressTfmSupportBuildWarnings>true</SuppressTfmSupportBuildWarnings> in the project file to ignore this warning and attempt to run in this unsupported configuration at your own risk. [D:\CSharpProjects\TCWin\BinanceFuturesTrader_kofqb2py_wpftmp.csproj]
C:\Users\xiaojian\.nuget\packages\microsoft.bcl.asyncinterfaces\9.0.5\buildTransitive\netcoreapp2.0\Microsoft.Bcl.AsyncInterfaces.targets(4,5): warning : Microsoft.Bcl.AsyncInterfaces 9.0.5 doesn't support net6.0-windows and has not been tested with it. Consider upgrading your TargetFramework to net8.0 or later. You may also set <SuppressTfmSupportBuildWarnings>true</SuppressTfmSupportBuildWarnings> in the project file to ignore this warning and attempt to run in this unsupported configuration at your own risk. [D:\CSharpProjects\TCWin\BinanceFuturesTrader_kofqb2py_wpftmp.csproj]
C:\Users\xiaojian\.nuget\packages\system.text.json\9.0.5\buildTransitive\netcoreapp2.0\System.Text.Json.targets(4,5): warning : System.Text.Json 9.0.5 doesn't support net6.0-windows and has not been tested with it. Consider upgrading your TargetFramework to net8.0 or later. You may also set <SuppressTfmSupportBuildWarnings>true</SuppressTfmSupportBuildWarnings> in the project file to ignore this warning and attempt to run in this unsupported configuration at your own risk. [D:\CSharpProjects\TCWin\BinanceFuturesTrader_kofqb2py_wpftmp.csproj]
D:\CSharpProjects\TCWin\App.xaml.cs(62,54): warning CS8622: “void App.TaskScheduler_UnobservedTaskException(object sender, UnobservedTaskExceptionEventArgs e)”的参数“sender”类型中引用类型的为 Null 性与目标委托“EventHandler<UnobservedTaskExceptionEventArgs>”不匹配(可能是由于为 Null 性特性)。 [D:\CSharpProjects\TCWin\BinanceFuturesTrader_kofqb2py_wpftmp.csproj]
D:\CSharpProjects\TCWin\ViewModels\MainViewModel.ConditionalOrders.cs(154,34): warning CS1998: 此异步方法缺少 "await" 运算符，将以同步方式运行。请考虑使用 "await" 运算符等待非阻止的 API 调用，或者使用 "await Task.Run(...)" 在后台线程上执行占用大量 CPU 的工作。 [D:\CSharpProjects\TCWin\BinanceFuturesTrader_kofqb2py_wpftmp.csproj]
D:\CSharpProjects\TCWin\ViewModels\MainViewModel.ConditionalOrders.cs(223,28): warning CS1998: 此异步方法缺少 "await" 运算符，将以同步方式运行。请考虑使用 "await" 运算符等待非阻止的 API 调用，或者使用 "await Task.Run(...)" 在后台线程上执行占用大量 CPU 的工作。 [D:\CSharpProjects\TCWin\BinanceFuturesTrader_kofqb2py_wpftmp.csproj]
D:\CSharpProjects\TCWin\ViewModels\MainViewModel.ConditionalOrders.cs(311,28): warning CS1998: 此异步方法缺少 "await" 运算符，将以同步方式运行。请考虑使用 "await" 运算符等待非阻止的 API 调用，或者使用 "await Task.Run(...)" 在后台线程上执行占用大量 CPU 的工作。 [D:\CSharpProjects\TCWin\BinanceFuturesTrader_kofqb2py_wpftmp.csproj]
D:\CSharpProjects\TCWin\ViewModels\MainViewModel.ConditionalOrders.cs(331,28): warning CS1998: 此异步方法缺少 "await" 运算符，将以同步方式运行。请考虑使用 "await" 运算符等待非阻止的 API 调用，或者使用 "await Task.Run(...)" 在后台线程上执行占用大量 CPU 的工作。 [D:\CSharpProjects\TCWin\BinanceFuturesTrader_kofqb2py_wpftmp.csproj]
D:\CSharpProjects\TCWin\ViewModels\MainViewModel.Core.cs(106,13): warning CS4014: 由于此调用不会等待，因此在此调用完成之前将会继续执行当前方法。请考虑将 "await" 运算符应用于调用结果。 [D:\CSharpProjects\TCWin\BinanceFuturesTrader_kofqb2py_wpftmp.csproj]
D:\CSharpProjects\TCWin\ViewModels\MainViewModel.Core.cs(112,28): warning CS1998: 此异步方法缺少 "await" 运算符，将以同步方式运行。请考虑使用 "await" 运算符等待非阻止的 API 调用，或者使用 "await Task.Run(...)" 在后台线程上执行占用大量 CPU 的工作。 [D:\CSharpProjects\TCWin\BinanceFuturesTrader_kofqb2py_wpftmp.csproj]
D:\CSharpProjects\TCWin\ViewModels\MainViewModel.Core.cs(188,48): error CS0122: “AccountConfigService.LoadAccounts()”不可访问，因为它具有一定的保护级别 [D:\CSharpProjects\TCWin\BinanceFuturesTrader_kofqb2py_wpftmp.csproj]
D:\CSharpProjects\TCWin\ViewModels\MainViewModel.Core.cs(188,21): error CS0815: 无法将 void 赋予隐式类型化的变量 [D:\CSharpProjects\TCWin\BinanceFuturesTrader_kofqb2py_wpftmp.csproj]
D:\CSharpProjects\TCWin\ViewModels\MainViewModel.Data.cs(33,25): error CS1061: “ILogger<MainViewModel>”未包含“LogInformation”的定义，并且找不到可接受第一个“ILogger<MainViewModel>”类型参数的可访问扩展方法“LogInformation”(是否缺少 using 指令或程序集引用?) [D:\CSharpProjects\TCWin\BinanceFuturesTrader_kofqb2py_wpftmp.csproj]
D:\CSharpProjects\TCWin\ViewModels\MainViewModel.Data.cs(38,25): error CS1061: “ILogger<MainViewModel>”未包含“LogError”的定义，并且找不到可接受第一个“ILogger<MainViewModel>”类型参数的可访问扩展方法“LogError”(是否缺少 using 指令或程序集引用?) [D:\CSharpProjects\TCWin\BinanceFuturesTrader_kofqb2py_wpftmp.csproj]
D:\CSharpProjects\TCWin\ViewModels\MainViewModel.Data.cs(151,21): error CS1061: “ILogger<MainViewModel>”未包含“LogDebug”的定义，并且找不到可接受第一个“ILogger<MainViewModel>”类型参数的可访问扩展方法“LogDebug”(是否缺少 using 指令或程序集引用?) [D:\CSharpProjects\TCWin\BinanceFuturesTrader_kofqb2py_wpftmp.csproj]
D:\CSharpProjects\TCWin\ViewModels\MainViewModel.Data.cs(181,25): error CS1061: “ILogger<MainViewModel>”未包含“LogDebug”的定义，并且找不到可接受第一个“ILogger<MainViewModel>”类型参数的可访问扩展方法“LogDebug”(是否缺少 using 指令或程序集引用?) [D:\CSharpProjects\TCWin\BinanceFuturesTrader_kofqb2py_wpftmp.csproj]
D:\CSharpProjects\TCWin\ViewModels\MainViewModel.Data.cs(186,25): error CS1061: “ILogger<MainViewModel>”未包含“LogError”的定义，并且找不到可接受第一个“ILogger<MainViewModel>”类型参数的可访问扩展方法“LogError”(是否缺少 using 指令或程序集引用?) [D:\CSharpProjects\TCWin\BinanceFuturesTrader_kofqb2py_wpftmp.csproj]
D:\CSharpProjects\TCWin\ViewModels\MainViewModel.Data.cs(245,21): error CS1061: “ILogger<MainViewModel>”未包含“LogInformation”的定义，并且找不到可接受第一个“ILogger<MainViewModel>”类型参数的可访问扩展方法“LogInformation”(是否缺少 using 指令或程序集引用?) [D:\CSharpProjects\TCWin\BinanceFuturesTrader_kofqb2py_wpftmp.csproj]
D:\CSharpProjects\TCWin\ViewModels\MainViewModel.Data.cs(267,25): error CS1061: “ILogger<MainViewModel>”未包含“LogInformation”的定义，并且找不到可接受第一个“ILogger<MainViewModel>”类型参数的可访问扩展方法“LogInformation”(是否缺少 using 指令或程序集引用?) [D:\CSharpProjects\TCWin\BinanceFuturesTrader_kofqb2py_wpftmp.csproj]
D:\CSharpProjects\TCWin\ViewModels\MainViewModel.Data.cs(272,25): error CS1061: “ILogger<MainViewModel>”未包含“LogError”的定义，并且找不到可接受第一个“ILogger<MainViewModel>”类型参数的可访问扩展方法“LogError”(是否缺少 using 指令或程序集引用?) [D:\CSharpProjects\TCWin\BinanceFuturesTrader_kofqb2py_wpftmp.csproj]
D:\CSharpProjects\TCWin\ViewModels\MainViewModel.Data.cs(285,25): error CS1061: “ILogger<MainViewModel>”未包含“LogInformation”的定义，并且找不到可接受第一个“ILogger<MainViewModel>”类型参数的可访问扩展方法“LogInformation”(是否缺少 using 指令或程序集引用?) [D:\CSharpProjects\TCWin\BinanceFuturesTrader_kofqb2py_wpftmp.csproj]
D:\CSharpProjects\TCWin\ViewModels\MainViewModel.Data.cs(290,25): error CS1061: “ILogger<MainViewModel>”未包含“LogError”的定义，并且找不到可接受第一个“ILogger<MainViewModel>”类型参数的可访问扩展方法“LogError”(是否缺少 using 指令或程序集引用?) [D:\CSharpProjects\TCWin\BinanceFuturesTrader_kofqb2py_wpftmp.csproj]
D:\CSharpProjects\TCWin\ViewModels\MainViewModel.Data.cs(307,25): error CS1061: “ILogger<MainViewModel>”未包含“LogInformation”的定义，并且找不到可接受第一个“ILogger<MainViewModel>”类型参数的可访问扩展方法“LogInformation”(是否缺少 using 指令或程序集引用?) [D:\CSharpProjects\TCWin\BinanceFuturesTrader_kofqb2py_wpftmp.csproj]
D:\CSharpProjects\TCWin\ViewModels\MainViewModel.Data.cs(312,25): error CS1061: “ILogger<MainViewModel>”未包含“LogError”的定义，并且找不到可接受第一个“ILogger<MainViewModel>”类型参数的可访问扩展方法“LogError”(是否缺少 using 指令或程序集引用?) [D:\CSharpProjects\TCWin\BinanceFuturesTrader_kofqb2py_wpftmp.csproj]
D:\CSharpProjects\TCWin\ViewModels\MainViewModel.Data.cs(338,29): error CS1061: “ILogger<MainViewModel>”未包含“LogInformation”的定义，并且找不到可接受第一个“ILogger<MainViewModel>”类型参数的可访问扩展方法“LogInformation”(是否缺少 using 指令或程序集引用?) [D:\CSharpProjects\TCWin\BinanceFuturesTrader_kofqb2py_wpftmp.csproj]
D:\CSharpProjects\TCWin\ViewModels\MainViewModel.Data.cs(348,25): error CS1061: “ILogger<MainViewModel>”未包含“LogError”的定义，并且找不到可接受第一个“ILogger<MainViewModel>”类型参数的可访问扩展方法“LogError”(是否缺少 using 指令或程序集引用?) [D:\CSharpProjects\TCWin\BinanceFuturesTrader_kofqb2py_wpftmp.csproj]
D:\CSharpProjects\TCWin\Services\BinanceService.cs(789,64): warning CS1998: 此异步方法缺少 "await" 运算符，将以同步方式运行。请考虑使用 "await" 运算符等待非阻止的 API 调用，或者使用 "await Task.Run(...)" 在后台线程上执行占用大量 CPU 的工作。 [D:\CSharpProjects\TCWin\BinanceFuturesTrader_kofqb2py_wpftmp.csproj]
D:\CSharpProjects\TCWin\ViewModels\MainViewModel.Trading.cs(115,33): error CS1061: “ILogger<MainViewModel>”未包含“LogDebug”的定义，并且找不到可接受第一个“ILogger<MainViewModel>”类型参数的可访问扩展方法“LogDebug”(是否缺少 using 指令或程序集引用?) [D:\CSharpProjects\TCWin\BinanceFuturesTrader_kofqb2py_wpftmp.csproj]
D:\CSharpProjects\TCWin\ViewModels\MainViewModel.Trading.cs(210,29): error CS1061: “ILogger<MainViewModel>”未包含“LogInformation”的定义，并且找不到可接受第一个“ILogger<MainViewModel>”类型参数的可访问扩展方法“LogInformation”(是否缺少 using 指令或程序集引用?) [D:\CSharpProjects\TCWin\BinanceFuturesTrader_kofqb2py_wpftmp.csproj]
D:\CSharpProjects\TCWin\ViewModels\MainViewModel.Trading.cs(224,29): error CS1061: “ILogger<MainViewModel>”未包含“LogWarning”的定义，并且找不到可接受第一个“ILogger<MainViewModel>”类型参数的可访问扩展方法“LogWarning”(是否缺少 using 指令或程序集引用?) [D:\CSharpProjects\TCWin\BinanceFuturesTrader_kofqb2py_wpftmp.csproj]
D:\CSharpProjects\TCWin\ViewModels\MainViewModel.Trading.cs(230,25): error CS1061: “ILogger<MainViewModel>”未包含“LogError”的定义，并且找不到可接受第一个“ILogger<MainViewModel>”类型参数的可访问扩展方法“LogError”(是否缺少 using 指令或程序集引用?) [D:\CSharpProjects\TCWin\BinanceFuturesTrader_kofqb2py_wpftmp.csproj]
D:\CSharpProjects\TCWin\ViewModels\MainViewModel.Trading.cs(190,35): warning CS8601: 可能的 null 引用赋值。 [D:\CSharpProjects\TCWin\BinanceFuturesTrader_kofqb2py_wpftmp.csproj]
D:\CSharpProjects\TCWin\ViewModels\MainViewModel.Trading.cs(248,25): error CS1061: “ILogger<MainViewModel>”未包含“LogInformation”的定义，并且找不到可接受第一个“ILogger<MainViewModel>”类型参数的可访问扩展方法“LogInformation”(是否缺少 using 指令或程序集引用?) [D:\CSharpProjects\TCWin\BinanceFuturesTrader_kofqb2py_wpftmp.csproj]
D:\CSharpProjects\TCWin\ViewModels\MainViewModel.Trading.cs(253,25): error CS1061: “ILogger<MainViewModel>”未包含“LogError”的定义，并且找不到可接受第一个“ILogger<MainViewModel>”类型参数的可访问扩展方法“LogError”(是否缺少 using 指令或程序集引用?) [D:\CSharpProjects\TCWin\BinanceFuturesTrader_kofqb2py_wpftmp.csproj]
D:\CSharpProjects\TCWin\ViewModels\MainViewModel.Trading.cs(275,29): error CS1061: “ILogger<MainViewModel>”未包含“LogInformation”的定义，并且找不到可接受第一个“ILogger<MainViewModel>”类型参数的可访问扩展方法“LogInformation”(是否缺少 using 指令或程序集引用?) [D:\CSharpProjects\TCWin\BinanceFuturesTrader_kofqb2py_wpftmp.csproj]
D:\CSharpProjects\TCWin\ViewModels\MainViewModel.Trading.cs(285,25): error CS1061: “ILogger<MainViewModel>”未包含“LogError”的定义，并且找不到可接受第一个“ILogger<MainViewModel>”类型参数的可访问扩展方法“LogError”(是否缺少 using 指令或程序集引用?) [D:\CSharpProjects\TCWin\BinanceFuturesTrader_kofqb2py_wpftmp.csproj]
D:\CSharpProjects\TCWin\ViewModels\MainViewModel.Trading.cs(304,25): error CS1061: “ILogger<MainViewModel>”未包含“LogInformation”的定义，并且找不到可接受第一个“ILogger<MainViewModel>”类型参数的可访问扩展方法“LogInformation”(是否缺少 using 指令或程序集引用?) [D:\CSharpProjects\TCWin\BinanceFuturesTrader_kofqb2py_wpftmp.csproj]
D:\CSharpProjects\TCWin\ViewModels\MainViewModel.Trading.cs(309,25): error CS1061: “ILogger<MainViewModel>”未包含“LogError”的定义，并且找不到可接受第一个“ILogger<MainViewModel>”类型参数的可访问扩展方法“LogError”(是否缺少 using 指令或程序集引用?) [D:\CSharpProjects\TCWin\BinanceFuturesTrader_kofqb2py_wpftmp.csproj]
D:\CSharpProjects\TCWin\ViewModels\MainViewModel.Trading.cs(319,25): error CS1061: “ILogger<MainViewModel>”未包含“LogDebug”的定义，并且找不到可接受第一个“ILogger<MainViewModel>”类型参数的可访问扩展方法“LogDebug”(是否缺少 using 指令或程序集引用?) [D:\CSharpProjects\TCWin\BinanceFuturesTrader_kofqb2py_wpftmp.csproj]
D:\CSharpProjects\TCWin\ViewModels\MainViewModel.Trading.cs(330,25): error CS1061: “ILogger<MainViewModel>”未包含“LogDebug”的定义，并且找不到可接受第一个“ILogger<MainViewModel>”类型参数的可访问扩展方法“LogDebug”(是否缺少 using 指令或程序集引用?) [D:\CSharpProjects\TCWin\BinanceFuturesTrader_kofqb2py_wpftmp.csproj]
D:\CSharpProjects\TCWin\ViewModels\MainViewModel.Trading.cs(361,29): error CS1061: “ILogger<MainViewModel>”未包含“LogInformation”的定义，并且找不到可接受第一个“ILogger<MainViewModel>”类型参数的可访问扩展方法“LogInformation”(是否缺少 using 指令或程序集引用?) [D:\CSharpProjects\TCWin\BinanceFuturesTrader_kofqb2py_wpftmp.csproj]
D:\CSharpProjects\TCWin\ViewModels\MainViewModel.Trading.cs(368,25): error CS1061: “ILogger<MainViewModel>”未包含“LogError”的定义，并且找不到可接受第一个“ILogger<MainViewModel>”类型参数的可访问扩展方法“LogError”(是否缺少 using 指令或程序集引用?) [D:\CSharpProjects\TCWin\BinanceFuturesTrader_kofqb2py_wpftmp.csproj]
D:\CSharpProjects\TCWin\ViewModels\MainViewModel.Trading.cs(392,17): error CS1929: “string[]”不包含“Contains”的定义，并且最佳扩展方法重载“MemoryExtensions.Contains<string>(ReadOnlySpan<string>, string)”需要类型为“System.ReadOnlySpan<string>”的接收器 [D:\CSharpProjects\TCWin\BinanceFuturesTrader_kofqb2py_wpftmp.csproj]
D:\CSharpProjects\TCWin\ViewModels\MainViewModel.Trading.cs(417,25): error CS1061: “ILogger<MainViewModel>”未包含“LogError”的定义，并且找不到可接受第一个“ILogger<MainViewModel>”类型参数的可访问扩展方法“LogError”(是否缺少 using 指令或程序集引用?) [D:\CSharpProjects\TCWin\BinanceFuturesTrader_kofqb2py_wpftmp.csproj]
D:\CSharpProjects\TCWin\ViewModels\MainViewModel.Trading.cs(553,25): error CS1061: “ILogger<MainViewModel>”未包含“LogError”的定义，并且找不到可接受第一个“ILogger<MainViewModel>”类型参数的可访问扩展方法“LogError”(是否缺少 using 指令或程序集引用?) [D:\CSharpProjects\TCWin\BinanceFuturesTrader_kofqb2py_wpftmp.csproj]
D:\CSharpProjects\TCWin\ViewModels\MainViewModel.Data.cs(208,29): error CS1061: “ILogger<MainViewModel>”未包含“LogDebug”的定义，并且找不到可接受第一个“ILogger<MainViewModel>”类型参数的可访问扩展方法“LogDebug”(是否缺少 using 指令或程序集引用?) [D:\CSharpProjects\TCWin\BinanceFuturesTrader_kofqb2py_wpftmp.csproj]
D:\CSharpProjects\TCWin\ViewModels\MainViewModel.Data.cs(214,29): error CS1061: “ILogger<MainViewModel>”未包含“LogDebug”的定义，并且找不到可接受第一个“ILogger<MainViewModel>”类型参数的可访问扩展方法“LogDebug”(是否缺少 using 指令或程序集引用?) [D:\CSharpProjects\TCWin\BinanceFuturesTrader_kofqb2py_wpftmp.csproj]
D:\CSharpProjects\TCWin\ViewModels\MainViewModel.Data.cs(219,25): error CS1061: “ILogger<MainViewModel>”未包含“LogError”的定义，并且找不到可接受第一个“ILogger<MainViewModel>”类型参数的可访问扩展方法“LogError”(是否缺少 using 指令或程序集引用?) [D:\CSharpProjects\TCWin\BinanceFuturesTrader_kofqb2py_wpftmp.csproj]
D:\CSharpProjects\TCWin\ViewModels\MainViewModel.Trading.cs(470,29): error CS1061: “ILogger<MainViewModel>”未包含“LogWarning”的定义，并且找不到可接受第一个“ILogger<MainViewModel>”类型参数的可访问扩展方法“LogWarning”(是否缺少 using 指令或程序集引用?) [D:\CSharpProjects\TCWin\BinanceFuturesTrader_kofqb2py_wpftmp.csproj]
D:\CSharpProjects\TCWin\ViewModels\MainViewModel.Trading.cs(429,25): error CS1061: “ILogger<MainViewModel>”未包含“LogDebug”的定义，并且找不到可接受第一个“ILogger<MainViewModel>”类型参数的可访问扩展方法“LogDebug”(是否缺少 using 指令或程序集引用?) [D:\CSharpProjects\TCWin\BinanceFuturesTrader_kofqb2py_wpftmp.csproj]

生成失败。

C:\Users\xiaojian\.nuget\packages\system.text.encodings.web\9.0.5\buildTransitive\netcoreapp2.0\System.Text.Encodings.Web.targets(4,5): warning : System.Text.Encodings.Web 9.0.5 doesn't support net6.0-windows and has not been tested with it. Consider upgrading your TargetFramework to net8.0 or later. You may also set <SuppressTfmSupportBuildWarnings>true</SuppressTfmSupportBuildWarnings> in the project file to ignore this warning and attempt to run in this unsupported configuration at your own risk. [D:\CSharpProjects\TCWin\BinanceFuturesTrader.csproj]
C:\Users\xiaojian\.nuget\packages\system.io.pipelines\9.0.5\buildTransitive\netcoreapp2.0\System.IO.Pipelines.targets(4,5): warning : System.IO.Pipelines 9.0.5 doesn't support net6.0-windows and has not been tested with it. Consider upgrading your TargetFramework to net8.0 or later. You may also set <SuppressTfmSupportBuildWarnings>true</SuppressTfmSupportBuildWarnings> in the project file to ignore this warning and attempt to run in this unsupported configuration at your own risk. [D:\CSharpProjects\TCWin\BinanceFuturesTrader.csproj]
C:\Users\xiaojian\.nuget\packages\microsoft.bcl.asyncinterfaces\9.0.5\buildTransitive\netcoreapp2.0\Microsoft.Bcl.AsyncInterfaces.targets(4,5): warning : Microsoft.Bcl.AsyncInterfaces 9.0.5 doesn't support net6.0-windows and has not been tested with it. Consider upgrading your TargetFramework to net8.0 or later. You may also set <SuppressTfmSupportBuildWarnings>true</SuppressTfmSupportBuildWarnings> in the project file to ignore this warning and attempt to run in this unsupported configuration at your own risk. [D:\CSharpProjects\TCWin\BinanceFuturesTrader.csproj]
C:\Users\xiaojian\.nuget\packages\system.text.json\9.0.5\buildTransitive\netcoreapp2.0\System.Text.Json.targets(4,5): warning : System.Text.Json 9.0.5 doesn't support net6.0-windows and has not been tested with it. Consider upgrading your TargetFramework to net8.0 or later. You may also set <SuppressTfmSupportBuildWarnings>true</SuppressTfmSupportBuildWarnings> in the project file to ignore this warning and attempt to run in this unsupported configuration at your own risk. [D:\CSharpProjects\TCWin\BinanceFuturesTrader.csproj]
C:\Users\xiaojian\.nuget\packages\system.text.encodings.web\9.0.5\buildTransitive\netcoreapp2.0\System.Text.Encodings.Web.targets(4,5): warning : System.Text.Encodings.Web 9.0.5 doesn't support net6.0-windows and has not been tested with it. Consider upgrading your TargetFramework to net8.0 or later. You may also set <SuppressTfmSupportBuildWarnings>true</SuppressTfmSupportBuildWarnings> in the project file to ignore this warning and attempt to run in this unsupported configuration at your own risk. [D:\CSharpProjects\TCWin\BinanceFuturesTrader_kofqb2py_wpftmp.csproj]
C:\Users\xiaojian\.nuget\packages\system.io.pipelines\9.0.5\buildTransitive\netcoreapp2.0\System.IO.Pipelines.targets(4,5): warning : System.IO.Pipelines 9.0.5 doesn't support net6.0-windows and has not been tested with it. Consider upgrading your TargetFramework to net8.0 or later. You may also set <SuppressTfmSupportBuildWarnings>true</SuppressTfmSupportBuildWarnings> in the project file to ignore this warning and attempt to run in this unsupported configuration at your own risk. [D:\CSharpProjects\TCWin\BinanceFuturesTrader_kofqb2py_wpftmp.csproj]
C:\Users\xiaojian\.nuget\packages\microsoft.bcl.asyncinterfaces\9.0.5\buildTransitive\netcoreapp2.0\Microsoft.Bcl.AsyncInterfaces.targets(4,5): warning : Microsoft.Bcl.AsyncInterfaces 9.0.5 doesn't support net6.0-windows and has not been tested with it. Consider upgrading your TargetFramework to net8.0 or later. You may also set <SuppressTfmSupportBuildWarnings>true</SuppressTfmSupportBuildWarnings> in the project file to ignore this warning and attempt to run in this unsupported configuration at your own risk. [D:\CSharpProjects\TCWin\BinanceFuturesTrader_kofqb2py_wpftmp.csproj]
C:\Users\xiaojian\.nuget\packages\system.text.json\9.0.5\buildTransitive\netcoreapp2.0\System.Text.Json.targets(4,5): warning : System.Text.Json 9.0.5 doesn't support net6.0-windows and has not been tested with it. Consider upgrading your TargetFramework to net8.0 or later. You may also set <SuppressTfmSupportBuildWarnings>true</SuppressTfmSupportBuildWarnings> in the project file to ignore this warning and attempt to run in this unsupported configuration at your own risk. [D:\CSharpProjects\TCWin\BinanceFuturesTrader_kofqb2py_wpftmp.csproj]
D:\CSharpProjects\TCWin\App.xaml.cs(62,54): warning CS8622: “void App.TaskScheduler_UnobservedTaskException(object sender, UnobservedTaskExceptionEventArgs e)”的参数“sender”类型中引用类型的为 Null 性与目标委托“EventHandler<UnobservedTaskExceptionEventArgs>”不匹配(可能是由于为 Null 性特性)。 [D:\CSharpProjects\TCWin\BinanceFuturesTrader_kofqb2py_wpftmp.csproj]
D:\CSharpProjects\TCWin\ViewModels\MainViewModel.ConditionalOrders.cs(154,34): warning CS1998: 此异步方法缺少 "await" 运算符，将以同步方式运行。请考虑使用 "await" 运算符等待非阻止的 API 调用，或者使用 "await Task.Run(...)" 在后台线程上执行占用大量 CPU 的工作。 [D:\CSharpProjects\TCWin\BinanceFuturesTrader_kofqb2py_wpftmp.csproj]
D:\CSharpProjects\TCWin\ViewModels\MainViewModel.ConditionalOrders.cs(223,28): warning CS1998: 此异步方法缺少 "await" 运算符，将以同步方式运行。请考虑使用 "await" 运算符等待非阻止的 API 调用，或者使用 "await Task.Run(...)" 在后台线程上执行占用大量 CPU 的工作。 [D:\CSharpProjects\TCWin\BinanceFuturesTrader_kofqb2py_wpftmp.csproj]
D:\CSharpProjects\TCWin\ViewModels\MainViewModel.ConditionalOrders.cs(311,28): warning CS1998: 此异步方法缺少 "await" 运算符，将以同步方式运行。请考虑使用 "await" 运算符等待非阻止的 API 调用，或者使用 "await Task.Run(...)" 在后台线程上执行占用大量 CPU 的工作。 [D:\CSharpProjects\TCWin\BinanceFuturesTrader_kofqb2py_wpftmp.csproj]
D:\CSharpProjects\TCWin\ViewModels\MainViewModel.ConditionalOrders.cs(331,28): warning CS1998: 此异步方法缺少 "await" 运算符，将以同步方式运行。请考虑使用 "await" 运算符等待非阻止的 API 调用，或者使用 "await Task.Run(...)" 在后台线程上执行占用大量 CPU 的工作。 [D:\CSharpProjects\TCWin\BinanceFuturesTrader_kofqb2py_wpftmp.csproj]
D:\CSharpProjects\TCWin\ViewModels\MainViewModel.Core.cs(106,13): warning CS4014: 由于此调用不会等待，因此在此调用完成之前将会继续执行当前方法。请考虑将 "await" 运算符应用于调用结果。 [D:\CSharpProjects\TCWin\BinanceFuturesTrader_kofqb2py_wpftmp.csproj]
D:\CSharpProjects\TCWin\ViewModels\MainViewModel.Core.cs(112,28): warning CS1998: 此异步方法缺少 "await" 运算符，将以同步方式运行。请考虑使用 "await" 运算符等待非阻止的 API 调用，或者使用 "await Task.Run(...)" 在后台线程上执行占用大量 CPU 的工作。 [D:\CSharpProjects\TCWin\BinanceFuturesTrader_kofqb2py_wpftmp.csproj]
D:\CSharpProjects\TCWin\Services\BinanceService.cs(789,64): warning CS1998: 此异步方法缺少 "await" 运算符，将以同步方式运行。请考虑使用 "await" 运算符等待非阻止的 API 调用，或者使用 "await Task.Run(...)" 在后台线程上执行占用大量 CPU 的工作。 [D:\CSharpProjects\TCWin\BinanceFuturesTrader_kofqb2py_wpftmp.csproj]
D:\CSharpProjects\TCWin\ViewModels\MainViewModel.Trading.cs(190,35): warning CS8601: 可能的 null 引用赋值。 [D:\CSharpProjects\TCWin\BinanceFuturesTrader_kofqb2py_wpftmp.csproj]
D:\CSharpProjects\TCWin\ViewModels\MainViewModel.Core.cs(188,48): error CS0122: “AccountConfigService.LoadAccounts()”不可访问，因为它具有一定的保护级别 [D:\CSharpProjects\TCWin\BinanceFuturesTrader_kofqb2py_wpftmp.csproj]
D:\CSharpProjects\TCWin\ViewModels\MainViewModel.Core.cs(188,21): error CS0815: 无法将 void 赋予隐式类型化的变量 [D:\CSharpProjects\TCWin\BinanceFuturesTrader_kofqb2py_wpftmp.csproj]
D:\CSharpProjects\TCWin\ViewModels\MainViewModel.Data.cs(33,25): error CS1061: “ILogger<MainViewModel>”未包含“LogInformation”的定义，并且找不到可接受第一个“ILogger<MainViewModel>”类型参数的可访问扩展方法“LogInformation”(是否缺少 using 指令或程序集引用?) [D:\CSharpProjects\TCWin\BinanceFuturesTrader_kofqb2py_wpftmp.csproj]
D:\CSharpProjects\TCWin\ViewModels\MainViewModel.Data.cs(38,25): error CS1061: “ILogger<MainViewModel>”未包含“LogError”的定义，并且找不到可接受第一个“ILogger<MainViewModel>”类型参数的可访问扩展方法“LogError”(是否缺少 using 指令或程序集引用?) [D:\CSharpProjects\TCWin\BinanceFuturesTrader_kofqb2py_wpftmp.csproj]
D:\CSharpProjects\TCWin\ViewModels\MainViewModel.Data.cs(151,21): error CS1061: “ILogger<MainViewModel>”未包含“LogDebug”的定义，并且找不到可接受第一个“ILogger<MainViewModel>”类型参数的可访问扩展方法“LogDebug”(是否缺少 using 指令或程序集引用?) [D:\CSharpProjects\TCWin\BinanceFuturesTrader_kofqb2py_wpftmp.csproj]
D:\CSharpProjects\TCWin\ViewModels\MainViewModel.Data.cs(181,25): error CS1061: “ILogger<MainViewModel>”未包含“LogDebug”的定义，并且找不到可接受第一个“ILogger<MainViewModel>”类型参数的可访问扩展方法“LogDebug”(是否缺少 using 指令或程序集引用?) [D:\CSharpProjects\TCWin\BinanceFuturesTrader_kofqb2py_wpftmp.csproj]
D:\CSharpProjects\TCWin\ViewModels\MainViewModel.Data.cs(186,25): error CS1061: “ILogger<MainViewModel>”未包含“LogError”的定义，并且找不到可接受第一个“ILogger<MainViewModel>”类型参数的可访问扩展方法“LogError”(是否缺少 using 指令或程序集引用?) [D:\CSharpProjects\TCWin\BinanceFuturesTrader_kofqb2py_wpftmp.csproj]
D:\CSharpProjects\TCWin\ViewModels\MainViewModel.Data.cs(245,21): error CS1061: “ILogger<MainViewModel>”未包含“LogInformation”的定义，并且找不到可接受第一个“ILogger<MainViewModel>”类型参数的可访问扩展方法“LogInformation”(是否缺少 using 指令或程序集引用?) [D:\CSharpProjects\TCWin\BinanceFuturesTrader_kofqb2py_wpftmp.csproj]
D:\CSharpProjects\TCWin\ViewModels\MainViewModel.Data.cs(267,25): error CS1061: “ILogger<MainViewModel>”未包含“LogInformation”的定义，并且找不到可接受第一个“ILogger<MainViewModel>”类型参数的可访问扩展方法“LogInformation”(是否缺少 using 指令或程序集引用?) [D:\CSharpProjects\TCWin\BinanceFuturesTrader_kofqb2py_wpftmp.csproj]
D:\CSharpProjects\TCWin\ViewModels\MainViewModel.Data.cs(272,25): error CS1061: “ILogger<MainViewModel>”未包含“LogError”的定义，并且找不到可接受第一个“ILogger<MainViewModel>”类型参数的可访问扩展方法“LogError”(是否缺少 using 指令或程序集引用?) [D:\CSharpProjects\TCWin\BinanceFuturesTrader_kofqb2py_wpftmp.csproj]
D:\CSharpProjects\TCWin\ViewModels\MainViewModel.Data.cs(285,25): error CS1061: “ILogger<MainViewModel>”未包含“LogInformation”的定义，并且找不到可接受第一个“ILogger<MainViewModel>”类型参数的可访问扩展方法“LogInformation”(是否缺少 using 指令或程序集引用?) [D:\CSharpProjects\TCWin\BinanceFuturesTrader_kofqb2py_wpftmp.csproj]
D:\CSharpProjects\TCWin\ViewModels\MainViewModel.Data.cs(290,25): error CS1061: “ILogger<MainViewModel>”未包含“LogError”的定义，并且找不到可接受第一个“ILogger<MainViewModel>”类型参数的可访问扩展方法“LogError”(是否缺少 using 指令或程序集引用?) [D:\CSharpProjects\TCWin\BinanceFuturesTrader_kofqb2py_wpftmp.csproj]
D:\CSharpProjects\TCWin\ViewModels\MainViewModel.Data.cs(307,25): error CS1061: “ILogger<MainViewModel>”未包含“LogInformation”的定义，并且找不到可接受第一个“ILogger<MainViewModel>”类型参数的可访问扩展方法“LogInformation”(是否缺少 using 指令或程序集引用?) [D:\CSharpProjects\TCWin\BinanceFuturesTrader_kofqb2py_wpftmp.csproj]
D:\CSharpProjects\TCWin\ViewModels\MainViewModel.Data.cs(312,25): error CS1061: “ILogger<MainViewModel>”未包含“LogError”的定义，并且找不到可接受第一个“ILogger<MainViewModel>”类型参数的可访问扩展方法“LogError”(是否缺少 using 指令或程序集引用?) [D:\CSharpProjects\TCWin\BinanceFuturesTrader_kofqb2py_wpftmp.csproj]
D:\CSharpProjects\TCWin\ViewModels\MainViewModel.Data.cs(338,29): error CS1061: “ILogger<MainViewModel>”未包含“LogInformation”的定义，并且找不到可接受第一个“ILogger<MainViewModel>”类型参数的可访问扩展方法“LogInformation”(是否缺少 using 指令或程序集引用?) [D:\CSharpProjects\TCWin\BinanceFuturesTrader_kofqb2py_wpftmp.csproj]
D:\CSharpProjects\TCWin\ViewModels\MainViewModel.Data.cs(348,25): error CS1061: “ILogger<MainViewModel>”未包含“LogError”的定义，并且找不到可接受第一个“ILogger<MainViewModel>”类型参数的可访问扩展方法“LogError”(是否缺少 using 指令或程序集引用?) [D:\CSharpProjects\TCWin\BinanceFuturesTrader_kofqb2py_wpftmp.csproj]
D:\CSharpProjects\TCWin\ViewModels\MainViewModel.Trading.cs(115,33): error CS1061: “ILogger<MainViewModel>”未包含“LogDebug”的定义，并且找不到可接受第一个“ILogger<MainViewModel>”类型参数的可访问扩展方法“LogDebug”(是否缺少 using 指令或程序集引用?) [D:\CSharpProjects\TCWin\BinanceFuturesTrader_kofqb2py_wpftmp.csproj]
D:\CSharpProjects\TCWin\ViewModels\MainViewModel.Trading.cs(210,29): error CS1061: “ILogger<MainViewModel>”未包含“LogInformation”的定义，并且找不到可接受第一个“ILogger<MainViewModel>”类型参数的可访问扩展方法“LogInformation”(是否缺少 using 指令或程序集引用?) [D:\CSharpProjects\TCWin\BinanceFuturesTrader_kofqb2py_wpftmp.csproj]
D:\CSharpProjects\TCWin\ViewModels\MainViewModel.Trading.cs(224,29): error CS1061: “ILogger<MainViewModel>”未包含“LogWarning”的定义，并且找不到可接受第一个“ILogger<MainViewModel>”类型参数的可访问扩展方法“LogWarning”(是否缺少 using 指令或程序集引用?) [D:\CSharpProjects\TCWin\BinanceFuturesTrader_kofqb2py_wpftmp.csproj]
D:\CSharpProjects\TCWin\ViewModels\MainViewModel.Trading.cs(230,25): error CS1061: “ILogger<MainViewModel>”未包含“LogError”的定义，并且找不到可接受第一个“ILogger<MainViewModel>”类型参数的可访问扩展方法“LogError”(是否缺少 using 指令或程序集引用?) [D:\CSharpProjects\TCWin\BinanceFuturesTrader_kofqb2py_wpftmp.csproj]
D:\CSharpProjects\TCWin\ViewModels\MainViewModel.Trading.cs(248,25): error CS1061: “ILogger<MainViewModel>”未包含“LogInformation”的定义，并且找不到可接受第一个“ILogger<MainViewModel>”类型参数的可访问扩展方法“LogInformation”(是否缺少 using 指令或程序集引用?) [D:\CSharpProjects\TCWin\BinanceFuturesTrader_kofqb2py_wpftmp.csproj]
D:\CSharpProjects\TCWin\ViewModels\MainViewModel.Trading.cs(253,25): error CS1061: “ILogger<MainViewModel>”未包含“LogError”的定义，并且找不到可接受第一个“ILogger<MainViewModel>”类型参数的可访问扩展方法“LogError”(是否缺少 using 指令或程序集引用?) [D:\CSharpProjects\TCWin\BinanceFuturesTrader_kofqb2py_wpftmp.csproj]
D:\CSharpProjects\TCWin\ViewModels\MainViewModel.Trading.cs(275,29): error CS1061: “ILogger<MainViewModel>”未包含“LogInformation”的定义，并且找不到可接受第一个“ILogger<MainViewModel>”类型参数的可访问扩展方法“LogInformation”(是否缺少 using 指令或程序集引用?) [D:\CSharpProjects\TCWin\BinanceFuturesTrader_kofqb2py_wpftmp.csproj]
D:\CSharpProjects\TCWin\ViewModels\MainViewModel.Trading.cs(285,25): error CS1061: “ILogger<MainViewModel>”未包含“LogError”的定义，并且找不到可接受第一个“ILogger<MainViewModel>”类型参数的可访问扩展方法“LogError”(是否缺少 using 指令或程序集引用?) [D:\CSharpProjects\TCWin\BinanceFuturesTrader_kofqb2py_wpftmp.csproj]
D:\CSharpProjects\TCWin\ViewModels\MainViewModel.Trading.cs(304,25): error CS1061: “ILogger<MainViewModel>”未包含“LogInformation”的定义，并且找不到可接受第一个“ILogger<MainViewModel>”类型参数的可访问扩展方法“LogInformation”(是否缺少 using 指令或程序集引用?) [D:\CSharpProjects\TCWin\BinanceFuturesTrader_kofqb2py_wpftmp.csproj]
D:\CSharpProjects\TCWin\ViewModels\MainViewModel.Trading.cs(309,25): error CS1061: “ILogger<MainViewModel>”未包含“LogError”的定义，并且找不到可接受第一个“ILogger<MainViewModel>”类型参数的可访问扩展方法“LogError”(是否缺少 using 指令或程序集引用?) [D:\CSharpProjects\TCWin\BinanceFuturesTrader_kofqb2py_wpftmp.csproj]
D:\CSharpProjects\TCWin\ViewModels\MainViewModel.Trading.cs(319,25): error CS1061: “ILogger<MainViewModel>”未包含“LogDebug”的定义，并且找不到可接受第一个“ILogger<MainViewModel>”类型参数的可访问扩展方法“LogDebug”(是否缺少 using 指令或程序集引用?) [D:\CSharpProjects\TCWin\BinanceFuturesTrader_kofqb2py_wpftmp.csproj]
D:\CSharpProjects\TCWin\ViewModels\MainViewModel.Trading.cs(330,25): error CS1061: “ILogger<MainViewModel>”未包含“LogDebug”的定义，并且找不到可接受第一个“ILogger<MainViewModel>”类型参数的可访问扩展方法“LogDebug”(是否缺少 using 指令或程序集引用?) [D:\CSharpProjects\TCWin\BinanceFuturesTrader_kofqb2py_wpftmp.csproj]
D:\CSharpProjects\TCWin\ViewModels\MainViewModel.Trading.cs(361,29): error CS1061: “ILogger<MainViewModel>”未包含“LogInformation”的定义，并且找不到可接受第一个“ILogger<MainViewModel>”类型参数的可访问扩展方法“LogInformation”(是否缺少 using 指令或程序集引用?) [D:\CSharpProjects\TCWin\BinanceFuturesTrader_kofqb2py_wpftmp.csproj]
D:\CSharpProjects\TCWin\ViewModels\MainViewModel.Trading.cs(368,25): error CS1061: “ILogger<MainViewModel>”未包含“LogError”的定义，并且找不到可接受第一个“ILogger<MainViewModel>”类型参数的可访问扩展方法“LogError”(是否缺少 using 指令或程序集引用?) [D:\CSharpProjects\TCWin\BinanceFuturesTrader_kofqb2py_wpftmp.csproj]
D:\CSharpProjects\TCWin\ViewModels\MainViewModel.Trading.cs(392,17): error CS1929: “string[]”不包含“Contains”的定义，并且最佳扩展方法重载“MemoryExtensions.Contains<string>(ReadOnlySpan<string>, string)”需要类型为“System.ReadOnlySpan<string>”的接收器 [D:\CSharpProjects\TCWin\BinanceFuturesTrader_kofqb2py_wpftmp.csproj]
D:\CSharpProjects\TCWin\ViewModels\MainViewModel.Trading.cs(417,25): error CS1061: “ILogger<MainViewModel>”未包含“LogError”的定义，并且找不到可接受第一个“ILogger<MainViewModel>”类型参数的可访问扩展方法“LogError”(是否缺少 using 指令或程序集引用?) [D:\CSharpProjects\TCWin\BinanceFuturesTrader_kofqb2py_wpftmp.csproj]
D:\CSharpProjects\TCWin\ViewModels\MainViewModel.Trading.cs(553,25): error CS1061: “ILogger<MainViewModel>”未包含“LogError”的定义，并且找不到可接受第一个“ILogger<MainViewModel>”类型参数的可访问扩展方法“LogError”(是否缺少 using 指令或程序集引用?) [D:\CSharpProjects\TCWin\BinanceFuturesTrader_kofqb2py_wpftmp.csproj]
D:\CSharpProjects\TCWin\ViewModels\MainViewModel.Data.cs(208,29): error CS1061: “ILogger<MainViewModel>”未包含“LogDebug”的定义，并且找不到可接受第一个“ILogger<MainViewModel>”类型参数的可访问扩展方法“LogDebug”(是否缺少 using 指令或程序集引用?) [D:\CSharpProjects\TCWin\BinanceFuturesTrader_kofqb2py_wpftmp.csproj]
D:\CSharpProjects\TCWin\ViewModels\MainViewModel.Data.cs(214,29): error CS1061: “ILogger<MainViewModel>”未包含“LogDebug”的定义，并且找不到可接受第一个“ILogger<MainViewModel>”类型参数的可访问扩展方法“LogDebug”(是否缺少 using 指令或程序集引用?) [D:\CSharpProjects\TCWin\BinanceFuturesTrader_kofqb2py_wpftmp.csproj]
D:\CSharpProjects\TCWin\ViewModels\MainViewModel.Data.cs(219,25): error CS1061: “ILogger<MainViewModel>”未包含“LogError”的定义，并且找不到可接受第一个“ILogger<MainViewModel>”类型参数的可访问扩展方法“LogError”(是否缺少 using 指令或程序集引用?) [D:\CSharpProjects\TCWin\BinanceFuturesTrader_kofqb2py_wpftmp.csproj]
D:\CSharpProjects\TCWin\ViewModels\MainViewModel.Trading.cs(470,29): error CS1061: “ILogger<MainViewModel>”未包含“LogWarning”的定义，并且找不到可接受第一个“ILogger<MainViewModel>”类型参数的可访问扩展方法“LogWarning”(是否缺少 using 指令或程序集引用?) [D:\CSharpProjects\TCWin\BinanceFuturesTrader_kofqb2py_wpftmp.csproj]
D:\CSharpProjects\TCWin\ViewModels\MainViewModel.Trading.cs(429,25): error CS1061: “ILogger<MainViewModel>”未包含“LogDebug”的定义，并且找不到可接受第一个“ILogger<MainViewModel>”类型参数的可访问扩展方法“LogDebug”(是否缺少 using 指令或程序集引用?) [D:\CSharpProjects\TCWin\BinanceFuturesTrader_kofqb2py_wpftmp.csproj]
    17 个警告
    38 个错误

已用时间 00:00:04.00
